// Jest Snapshot v1, https://goo.gl/fbAQLP

exports[`Header component should render component without crashing 1`] = `
ShallowWrapper {
  "length": 1,
  Symbol(enzyme.__root__): [Circular],
  Symbol(enzyme.__unrendered__): <Header
    classes={
        Object {
            "flex": Object {
              "flex": 1,
            },
            "menuButton": Object {
              "marginLeft": -12,
              "marginRight": 20,
            },
            "root": Object {
              "flexGrow": 1,
            },
          }
    }
    isMenuOpen={true}
    openSideBar={[Function]}
/>,
  Symbol(enzyme.__renderer__): Object {
    "batchedUpdates": [Function],
    "getNode": [Function],
    "render": [Function],
    "simulateEvent": [Function],
    "unmount": [Function],
  },
  Symbol(enzyme.__node__): Object {
    "instance": null,
    "key": undefined,
    "nodeType": "host",
    "props": Object {
      "children": <WithStyles(AppBar)
        position="static"
>
        <WithStyles(Toolbar)>
                <WithStyles(IconButton)
                        aria-label="Menu"
                        className={
                                Object {
                                        "marginLeft": -12,
                                        "marginRight": 20,
                                      }
                        }
                        color="inherit"
                        onClick={[Function]}
                >
                        <pure(Menu) />
                </WithStyles(IconButton)>
                <WithStyles(Typography)
                        className={
                                Object {
                                        "flex": 1,
                                      }
                        }
                        color="inherit"
                        variant="title"
                >
                        Cobi CMS
                </WithStyles(Typography)>
                <WithStyles(Button)
                        color="inherit"
                >
                         
                        Logout
                         
                </WithStyles(Button)>
        </WithStyles(Toolbar)>
</WithStyles(AppBar)>,
      "className": Object {
        "flexGrow": 1,
      },
    },
    "ref": null,
    "rendered": Object {
      "instance": null,
      "key": undefined,
      "nodeType": "class",
      "props": Object {
        "children": <WithStyles(Toolbar)>
          <WithStyles(IconButton)
                    aria-label="Menu"
                    className={
                              Object {
                                        "marginLeft": -12,
                                        "marginRight": 20,
                                      }
                    }
                    color="inherit"
                    onClick={[Function]}
          >
                    <pure(Menu) />
          </WithStyles(IconButton)>
          <WithStyles(Typography)
                    className={
                              Object {
                                        "flex": 1,
                                      }
                    }
                    color="inherit"
                    variant="title"
          >
                    Cobi CMS
          </WithStyles(Typography)>
          <WithStyles(Button)
                    color="inherit"
          >
                     
                    Logout
                     
          </WithStyles(Button)>
</WithStyles(Toolbar)>,
        "position": "static",
      },
      "ref": null,
      "rendered": Object {
        "instance": null,
        "key": undefined,
        "nodeType": "class",
        "props": Object {
          "children": Array [
            <WithStyles(IconButton)
              aria-label="Menu"
              className={
                            Object {
                                          "marginLeft": -12,
                                          "marginRight": 20,
                                        }
              }
              color="inherit"
              onClick={[Function]}
>
              <pure(Menu) />
</WithStyles(IconButton)>,
            <WithStyles(Typography)
              className={
                            Object {
                                          "flex": 1,
                                        }
              }
              color="inherit"
              variant="title"
>
              Cobi CMS
</WithStyles(Typography)>,
            <WithStyles(Button)
              color="inherit"
>
               
              Logout
               
</WithStyles(Button)>,
          ],
        },
        "ref": null,
        "rendered": Array [
          Object {
            "instance": null,
            "key": undefined,
            "nodeType": "class",
            "props": Object {
              "aria-label": "Menu",
              "children": <pure(Menu) />,
              "className": Object {
                "marginLeft": -12,
                "marginRight": 20,
              },
              "color": "inherit",
              "onClick": [Function],
            },
            "ref": null,
            "rendered": Object {
              "instance": null,
              "key": undefined,
              "nodeType": "class",
              "props": Object {},
              "ref": null,
              "rendered": null,
              "type": [Function],
            },
            "type": [Function],
          },
          Object {
            "instance": null,
            "key": undefined,
            "nodeType": "class",
            "props": Object {
              "children": "Cobi CMS",
              "className": Object {
                "flex": 1,
              },
              "color": "inherit",
              "variant": "title",
            },
            "ref": null,
            "rendered": "Cobi CMS",
            "type": [Function],
          },
          Object {
            "instance": null,
            "key": undefined,
            "nodeType": "class",
            "props": Object {
              "children": Array [
                " ",
                "Logout",
                " ",
              ],
              "color": "inherit",
            },
            "ref": null,
            "rendered": Array [
              " ",
              "Logout",
              " ",
            ],
            "type": [Function],
          },
        ],
        "type": [Function],
      },
      "type": [Function],
    },
    "type": "div",
  },
  Symbol(enzyme.__nodes__): Array [
    Object {
      "instance": null,
      "key": undefined,
      "nodeType": "host",
      "props": Object {
        "children": <WithStyles(AppBar)
          position="static"
>
          <WithStyles(Toolbar)>
                    <WithStyles(IconButton)
                              aria-label="Menu"
                              className={
                                        Object {
                                                  "marginLeft": -12,
                                                  "marginRight": 20,
                                                }
                              }
                              color="inherit"
                              onClick={[Function]}
                    >
                              <pure(Menu) />
                    </WithStyles(IconButton)>
                    <WithStyles(Typography)
                              className={
                                        Object {
                                                  "flex": 1,
                                                }
                              }
                              color="inherit"
                              variant="title"
                    >
                              Cobi CMS
                    </WithStyles(Typography)>
                    <WithStyles(Button)
                              color="inherit"
                    >
                               
                              Logout
                               
                    </WithStyles(Button)>
          </WithStyles(Toolbar)>
</WithStyles(AppBar)>,
        "className": Object {
          "flexGrow": 1,
        },
      },
      "ref": null,
      "rendered": Object {
        "instance": null,
        "key": undefined,
        "nodeType": "class",
        "props": Object {
          "children": <WithStyles(Toolbar)>
            <WithStyles(IconButton)
                        aria-label="Menu"
                        className={
                                    Object {
                                                "marginLeft": -12,
                                                "marginRight": 20,
                                              }
                        }
                        color="inherit"
                        onClick={[Function]}
            >
                        <pure(Menu) />
            </WithStyles(IconButton)>
            <WithStyles(Typography)
                        className={
                                    Object {
                                                "flex": 1,
                                              }
                        }
                        color="inherit"
                        variant="title"
            >
                        Cobi CMS
            </WithStyles(Typography)>
            <WithStyles(Button)
                        color="inherit"
            >
                         
                        Logout
                         
            </WithStyles(Button)>
</WithStyles(Toolbar)>,
          "position": "static",
        },
        "ref": null,
        "rendered": Object {
          "instance": null,
          "key": undefined,
          "nodeType": "class",
          "props": Object {
            "children": Array [
              <WithStyles(IconButton)
                aria-label="Menu"
                className={
                                Object {
                                                "marginLeft": -12,
                                                "marginRight": 20,
                                              }
                }
                color="inherit"
                onClick={[Function]}
>
                <pure(Menu) />
</WithStyles(IconButton)>,
              <WithStyles(Typography)
                className={
                                Object {
                                                "flex": 1,
                                              }
                }
                color="inherit"
                variant="title"
>
                Cobi CMS
</WithStyles(Typography)>,
              <WithStyles(Button)
                color="inherit"
>
                 
                Logout
                 
</WithStyles(Button)>,
            ],
          },
          "ref": null,
          "rendered": Array [
            Object {
              "instance": null,
              "key": undefined,
              "nodeType": "class",
              "props": Object {
                "aria-label": "Menu",
                "children": <pure(Menu) />,
                "className": Object {
                  "marginLeft": -12,
                  "marginRight": 20,
                },
                "color": "inherit",
                "onClick": [Function],
              },
              "ref": null,
              "rendered": Object {
                "instance": null,
                "key": undefined,
                "nodeType": "class",
                "props": Object {},
                "ref": null,
                "rendered": null,
                "type": [Function],
              },
              "type": [Function],
            },
            Object {
              "instance": null,
              "key": undefined,
              "nodeType": "class",
              "props": Object {
                "children": "Cobi CMS",
                "className": Object {
                  "flex": 1,
                },
                "color": "inherit",
                "variant": "title",
              },
              "ref": null,
              "rendered": "Cobi CMS",
              "type": [Function],
            },
            Object {
              "instance": null,
              "key": undefined,
              "nodeType": "class",
              "props": Object {
                "children": Array [
                  " ",
                  "Logout",
                  " ",
                ],
                "color": "inherit",
              },
              "ref": null,
              "rendered": Array [
                " ",
                "Logout",
                " ",
              ],
              "type": [Function],
            },
          ],
          "type": [Function],
        },
        "type": [Function],
      },
      "type": "div",
    },
  ],
  Symbol(enzyme.__options__): Object {
    "adapter": ReactSixteenAdapter {
      "options": Object {
        "enableComponentDidUpdateOnSetState": true,
      },
    },
  },
}
`;
