// Jest Snapshot v1, https://goo.gl/fbAQLP

exports[`Header component should render component without crashing 1`] = `
ShallowWrapper {
  "length": 1,
  Symbol(enzyme.__root__): [Circular],
  Symbol(enzyme.__unrendered__): <SideMenu
    hideSideBar={[Function]}
    isMenuOpen={true}
    openSideBar={[Function]}
  />,
  Symbol(enzyme.__renderer__): Object {
    "batchedUpdates": [Function],
    "getNode": [Function],
    "render": [Function],
    "simulateEvent": [Function],
    "unmount": [Function],
  },
  Symbol(enzyme.__node__): Object {
    "instance": null,
    "key": undefined,
    "nodeType": "class",
    "props": Object {
      "children": <div
        className="sidebar"
      >
        <div>
          <WithStyles(IconButton)
            onClick={[Function]}
          >
            <pure(ChevronLeft) />
          </WithStyles(IconButton)>
        </div>
        <WithStyles(Divider) />
        <div
          className="sidebar__content"
        >
          <MenuList>
            <WithStyles(MenuItem)>
              <WithStyles(ListItemIcon)>
                <pure(Send) />
              </WithStyles(ListItemIcon)>
              <WithStyles(ListItemText)
                inset={true}
                primary="Sent mail"
              />
            </WithStyles(MenuItem)>
            <WithStyles(MenuItem)>
              <WithStyles(ListItemIcon)>
                <pure(Drafts) />
              </WithStyles(ListItemIcon)>
              <WithStyles(ListItemText)
                inset={true}
                primary="Drafts"
              />
            </WithStyles(MenuItem)>
            <WithStyles(MenuItem)>
              <WithStyles(ListItemIcon)>
                <pure(MoveToInbox) />
              </WithStyles(ListItemIcon)>
              <WithStyles(ListItemText)
                inset={true}
                primary="Inbox"
              />
            </WithStyles(MenuItem)>
          </MenuList>
        </div>
      </div>,
      "onClose": [Function],
      "onOpen": [Function],
      "open": true,
    },
    "ref": null,
    "rendered": Object {
      "instance": null,
      "key": undefined,
      "nodeType": "host",
      "props": Object {
        "children": Array [
          <div>
            <WithStyles(IconButton)
              onClick={[Function]}
            >
              <pure(ChevronLeft) />
            </WithStyles(IconButton)>
          </div>,
          <WithStyles(Divider) />,
          <div
            className="sidebar__content"
          >
            <MenuList>
              <WithStyles(MenuItem)>
                <WithStyles(ListItemIcon)>
                  <pure(Send) />
                </WithStyles(ListItemIcon)>
                <WithStyles(ListItemText)
                  inset={true}
                  primary="Sent mail"
                />
              </WithStyles(MenuItem)>
              <WithStyles(MenuItem)>
                <WithStyles(ListItemIcon)>
                  <pure(Drafts) />
                </WithStyles(ListItemIcon)>
                <WithStyles(ListItemText)
                  inset={true}
                  primary="Drafts"
                />
              </WithStyles(MenuItem)>
              <WithStyles(MenuItem)>
                <WithStyles(ListItemIcon)>
                  <pure(MoveToInbox) />
                </WithStyles(ListItemIcon)>
                <WithStyles(ListItemText)
                  inset={true}
                  primary="Inbox"
                />
              </WithStyles(MenuItem)>
            </MenuList>
          </div>,
        ],
        "className": "sidebar",
      },
      "ref": null,
      "rendered": Array [
        Object {
          "instance": null,
          "key": undefined,
          "nodeType": "host",
          "props": Object {
            "children": <WithStyles(IconButton)
              onClick={[Function]}
            >
              <pure(ChevronLeft) />
            </WithStyles(IconButton)>,
          },
          "ref": null,
          "rendered": Object {
            "instance": null,
            "key": undefined,
            "nodeType": "class",
            "props": Object {
              "children": <pure(ChevronLeft) />,
              "onClick": [Function],
            },
            "ref": null,
            "rendered": Object {
              "instance": null,
              "key": undefined,
              "nodeType": "class",
              "props": Object {},
              "ref": null,
              "rendered": null,
              "type": [Function],
            },
            "type": [Function],
          },
          "type": "div",
        },
        Object {
          "instance": null,
          "key": undefined,
          "nodeType": "class",
          "props": Object {},
          "ref": null,
          "rendered": null,
          "type": [Function],
        },
        Object {
          "instance": null,
          "key": undefined,
          "nodeType": "host",
          "props": Object {
            "children": <MenuList>
              <WithStyles(MenuItem)>
                <WithStyles(ListItemIcon)>
                  <pure(Send) />
                </WithStyles(ListItemIcon)>
                <WithStyles(ListItemText)
                  inset={true}
                  primary="Sent mail"
                />
              </WithStyles(MenuItem)>
              <WithStyles(MenuItem)>
                <WithStyles(ListItemIcon)>
                  <pure(Drafts) />
                </WithStyles(ListItemIcon)>
                <WithStyles(ListItemText)
                  inset={true}
                  primary="Drafts"
                />
              </WithStyles(MenuItem)>
              <WithStyles(MenuItem)>
                <WithStyles(ListItemIcon)>
                  <pure(MoveToInbox) />
                </WithStyles(ListItemIcon)>
                <WithStyles(ListItemText)
                  inset={true}
                  primary="Inbox"
                />
              </WithStyles(MenuItem)>
            </MenuList>,
            "className": "sidebar__content",
          },
          "ref": null,
          "rendered": Object {
            "instance": null,
            "key": undefined,
            "nodeType": "class",
            "props": Object {
              "children": Array [
                <WithStyles(MenuItem)>
                  <WithStyles(ListItemIcon)>
                    <pure(Send) />
                  </WithStyles(ListItemIcon)>
                  <WithStyles(ListItemText)
                    inset={true}
                    primary="Sent mail"
                  />
                </WithStyles(MenuItem)>,
                <WithStyles(MenuItem)>
                  <WithStyles(ListItemIcon)>
                    <pure(Drafts) />
                  </WithStyles(ListItemIcon)>
                  <WithStyles(ListItemText)
                    inset={true}
                    primary="Drafts"
                  />
                </WithStyles(MenuItem)>,
                <WithStyles(MenuItem)>
                  <WithStyles(ListItemIcon)>
                    <pure(MoveToInbox) />
                  </WithStyles(ListItemIcon)>
                  <WithStyles(ListItemText)
                    inset={true}
                    primary="Inbox"
                  />
                </WithStyles(MenuItem)>,
              ],
            },
            "ref": null,
            "rendered": Array [
              Object {
                "instance": null,
                "key": undefined,
                "nodeType": "class",
                "props": Object {
                  "children": Array [
                    <WithStyles(ListItemIcon)>
                      <pure(Send) />
                    </WithStyles(ListItemIcon)>,
                    <WithStyles(ListItemText)
                      inset={true}
                      primary="Sent mail"
                    />,
                  ],
                },
                "ref": null,
                "rendered": Array [
                  Object {
                    "instance": null,
                    "key": undefined,
                    "nodeType": "class",
                    "props": Object {
                      "children": <pure(Send) />,
                    },
                    "ref": null,
                    "rendered": Object {
                      "instance": null,
                      "key": undefined,
                      "nodeType": "class",
                      "props": Object {},
                      "ref": null,
                      "rendered": null,
                      "type": [Function],
                    },
                    "type": [Function],
                  },
                  Object {
                    "instance": null,
                    "key": undefined,
                    "nodeType": "class",
                    "props": Object {
                      "inset": true,
                      "primary": "Sent mail",
                    },
                    "ref": null,
                    "rendered": null,
                    "type": [Function],
                  },
                ],
                "type": [Function],
              },
              Object {
                "instance": null,
                "key": undefined,
                "nodeType": "class",
                "props": Object {
                  "children": Array [
                    <WithStyles(ListItemIcon)>
                      <pure(Drafts) />
                    </WithStyles(ListItemIcon)>,
                    <WithStyles(ListItemText)
                      inset={true}
                      primary="Drafts"
                    />,
                  ],
                },
                "ref": null,
                "rendered": Array [
                  Object {
                    "instance": null,
                    "key": undefined,
                    "nodeType": "class",
                    "props": Object {
                      "children": <pure(Drafts) />,
                    },
                    "ref": null,
                    "rendered": Object {
                      "instance": null,
                      "key": undefined,
                      "nodeType": "class",
                      "props": Object {},
                      "ref": null,
                      "rendered": null,
                      "type": [Function],
                    },
                    "type": [Function],
                  },
                  Object {
                    "instance": null,
                    "key": undefined,
                    "nodeType": "class",
                    "props": Object {
                      "inset": true,
                      "primary": "Drafts",
                    },
                    "ref": null,
                    "rendered": null,
                    "type": [Function],
                  },
                ],
                "type": [Function],
              },
              Object {
                "instance": null,
                "key": undefined,
                "nodeType": "class",
                "props": Object {
                  "children": Array [
                    <WithStyles(ListItemIcon)>
                      <pure(MoveToInbox) />
                    </WithStyles(ListItemIcon)>,
                    <WithStyles(ListItemText)
                      inset={true}
                      primary="Inbox"
                    />,
                  ],
                },
                "ref": null,
                "rendered": Array [
                  Object {
                    "instance": null,
                    "key": undefined,
                    "nodeType": "class",
                    "props": Object {
                      "children": <pure(MoveToInbox) />,
                    },
                    "ref": null,
                    "rendered": Object {
                      "instance": null,
                      "key": undefined,
                      "nodeType": "class",
                      "props": Object {},
                      "ref": null,
                      "rendered": null,
                      "type": [Function],
                    },
                    "type": [Function],
                  },
                  Object {
                    "instance": null,
                    "key": undefined,
                    "nodeType": "class",
                    "props": Object {
                      "inset": true,
                      "primary": "Inbox",
                    },
                    "ref": null,
                    "rendered": null,
                    "type": [Function],
                  },
                ],
                "type": [Function],
              },
            ],
            "type": [Function],
          },
          "type": "div",
        },
      ],
      "type": "div",
    },
    "type": [Function],
  },
  Symbol(enzyme.__nodes__): Array [
    Object {
      "instance": null,
      "key": undefined,
      "nodeType": "class",
      "props": Object {
        "children": <div
          className="sidebar"
        >
          <div>
            <WithStyles(IconButton)
              onClick={[Function]}
            >
              <pure(ChevronLeft) />
            </WithStyles(IconButton)>
          </div>
          <WithStyles(Divider) />
          <div
            className="sidebar__content"
          >
            <MenuList>
              <WithStyles(MenuItem)>
                <WithStyles(ListItemIcon)>
                  <pure(Send) />
                </WithStyles(ListItemIcon)>
                <WithStyles(ListItemText)
                  inset={true}
                  primary="Sent mail"
                />
              </WithStyles(MenuItem)>
              <WithStyles(MenuItem)>
                <WithStyles(ListItemIcon)>
                  <pure(Drafts) />
                </WithStyles(ListItemIcon)>
                <WithStyles(ListItemText)
                  inset={true}
                  primary="Drafts"
                />
              </WithStyles(MenuItem)>
              <WithStyles(MenuItem)>
                <WithStyles(ListItemIcon)>
                  <pure(MoveToInbox) />
                </WithStyles(ListItemIcon)>
                <WithStyles(ListItemText)
                  inset={true}
                  primary="Inbox"
                />
              </WithStyles(MenuItem)>
            </MenuList>
          </div>
        </div>,
        "onClose": [Function],
        "onOpen": [Function],
        "open": true,
      },
      "ref": null,
      "rendered": Object {
        "instance": null,
        "key": undefined,
        "nodeType": "host",
        "props": Object {
          "children": Array [
            <div>
              <WithStyles(IconButton)
                onClick={[Function]}
              >
                <pure(ChevronLeft) />
              </WithStyles(IconButton)>
            </div>,
            <WithStyles(Divider) />,
            <div
              className="sidebar__content"
            >
              <MenuList>
                <WithStyles(MenuItem)>
                  <WithStyles(ListItemIcon)>
                    <pure(Send) />
                  </WithStyles(ListItemIcon)>
                  <WithStyles(ListItemText)
                    inset={true}
                    primary="Sent mail"
                  />
                </WithStyles(MenuItem)>
                <WithStyles(MenuItem)>
                  <WithStyles(ListItemIcon)>
                    <pure(Drafts) />
                  </WithStyles(ListItemIcon)>
                  <WithStyles(ListItemText)
                    inset={true}
                    primary="Drafts"
                  />
                </WithStyles(MenuItem)>
                <WithStyles(MenuItem)>
                  <WithStyles(ListItemIcon)>
                    <pure(MoveToInbox) />
                  </WithStyles(ListItemIcon)>
                  <WithStyles(ListItemText)
                    inset={true}
                    primary="Inbox"
                  />
                </WithStyles(MenuItem)>
              </MenuList>
            </div>,
          ],
          "className": "sidebar",
        },
        "ref": null,
        "rendered": Array [
          Object {
            "instance": null,
            "key": undefined,
            "nodeType": "host",
            "props": Object {
              "children": <WithStyles(IconButton)
                onClick={[Function]}
              >
                <pure(ChevronLeft) />
              </WithStyles(IconButton)>,
            },
            "ref": null,
            "rendered": Object {
              "instance": null,
              "key": undefined,
              "nodeType": "class",
              "props": Object {
                "children": <pure(ChevronLeft) />,
                "onClick": [Function],
              },
              "ref": null,
              "rendered": Object {
                "instance": null,
                "key": undefined,
                "nodeType": "class",
                "props": Object {},
                "ref": null,
                "rendered": null,
                "type": [Function],
              },
              "type": [Function],
            },
            "type": "div",
          },
          Object {
            "instance": null,
            "key": undefined,
            "nodeType": "class",
            "props": Object {},
            "ref": null,
            "rendered": null,
            "type": [Function],
          },
          Object {
            "instance": null,
            "key": undefined,
            "nodeType": "host",
            "props": Object {
              "children": <MenuList>
                <WithStyles(MenuItem)>
                  <WithStyles(ListItemIcon)>
                    <pure(Send) />
                  </WithStyles(ListItemIcon)>
                  <WithStyles(ListItemText)
                    inset={true}
                    primary="Sent mail"
                  />
                </WithStyles(MenuItem)>
                <WithStyles(MenuItem)>
                  <WithStyles(ListItemIcon)>
                    <pure(Drafts) />
                  </WithStyles(ListItemIcon)>
                  <WithStyles(ListItemText)
                    inset={true}
                    primary="Drafts"
                  />
                </WithStyles(MenuItem)>
                <WithStyles(MenuItem)>
                  <WithStyles(ListItemIcon)>
                    <pure(MoveToInbox) />
                  </WithStyles(ListItemIcon)>
                  <WithStyles(ListItemText)
                    inset={true}
                    primary="Inbox"
                  />
                </WithStyles(MenuItem)>
              </MenuList>,
              "className": "sidebar__content",
            },
            "ref": null,
            "rendered": Object {
              "instance": null,
              "key": undefined,
              "nodeType": "class",
              "props": Object {
                "children": Array [
                  <WithStyles(MenuItem)>
                    <WithStyles(ListItemIcon)>
                      <pure(Send) />
                    </WithStyles(ListItemIcon)>
                    <WithStyles(ListItemText)
                      inset={true}
                      primary="Sent mail"
                    />
                  </WithStyles(MenuItem)>,
                  <WithStyles(MenuItem)>
                    <WithStyles(ListItemIcon)>
                      <pure(Drafts) />
                    </WithStyles(ListItemIcon)>
                    <WithStyles(ListItemText)
                      inset={true}
                      primary="Drafts"
                    />
                  </WithStyles(MenuItem)>,
                  <WithStyles(MenuItem)>
                    <WithStyles(ListItemIcon)>
                      <pure(MoveToInbox) />
                    </WithStyles(ListItemIcon)>
                    <WithStyles(ListItemText)
                      inset={true}
                      primary="Inbox"
                    />
                  </WithStyles(MenuItem)>,
                ],
              },
              "ref": null,
              "rendered": Array [
                Object {
                  "instance": null,
                  "key": undefined,
                  "nodeType": "class",
                  "props": Object {
                    "children": Array [
                      <WithStyles(ListItemIcon)>
                        <pure(Send) />
                      </WithStyles(ListItemIcon)>,
                      <WithStyles(ListItemText)
                        inset={true}
                        primary="Sent mail"
                      />,
                    ],
                  },
                  "ref": null,
                  "rendered": Array [
                    Object {
                      "instance": null,
                      "key": undefined,
                      "nodeType": "class",
                      "props": Object {
                        "children": <pure(Send) />,
                      },
                      "ref": null,
                      "rendered": Object {
                        "instance": null,
                        "key": undefined,
                        "nodeType": "class",
                        "props": Object {},
                        "ref": null,
                        "rendered": null,
                        "type": [Function],
                      },
                      "type": [Function],
                    },
                    Object {
                      "instance": null,
                      "key": undefined,
                      "nodeType": "class",
                      "props": Object {
                        "inset": true,
                        "primary": "Sent mail",
                      },
                      "ref": null,
                      "rendered": null,
                      "type": [Function],
                    },
                  ],
                  "type": [Function],
                },
                Object {
                  "instance": null,
                  "key": undefined,
                  "nodeType": "class",
                  "props": Object {
                    "children": Array [
                      <WithStyles(ListItemIcon)>
                        <pure(Drafts) />
                      </WithStyles(ListItemIcon)>,
                      <WithStyles(ListItemText)
                        inset={true}
                        primary="Drafts"
                      />,
                    ],
                  },
                  "ref": null,
                  "rendered": Array [
                    Object {
                      "instance": null,
                      "key": undefined,
                      "nodeType": "class",
                      "props": Object {
                        "children": <pure(Drafts) />,
                      },
                      "ref": null,
                      "rendered": Object {
                        "instance": null,
                        "key": undefined,
                        "nodeType": "class",
                        "props": Object {},
                        "ref": null,
                        "rendered": null,
                        "type": [Function],
                      },
                      "type": [Function],
                    },
                    Object {
                      "instance": null,
                      "key": undefined,
                      "nodeType": "class",
                      "props": Object {
                        "inset": true,
                        "primary": "Drafts",
                      },
                      "ref": null,
                      "rendered": null,
                      "type": [Function],
                    },
                  ],
                  "type": [Function],
                },
                Object {
                  "instance": null,
                  "key": undefined,
                  "nodeType": "class",
                  "props": Object {
                    "children": Array [
                      <WithStyles(ListItemIcon)>
                        <pure(MoveToInbox) />
                      </WithStyles(ListItemIcon)>,
                      <WithStyles(ListItemText)
                        inset={true}
                        primary="Inbox"
                      />,
                    ],
                  },
                  "ref": null,
                  "rendered": Array [
                    Object {
                      "instance": null,
                      "key": undefined,
                      "nodeType": "class",
                      "props": Object {
                        "children": <pure(MoveToInbox) />,
                      },
                      "ref": null,
                      "rendered": Object {
                        "instance": null,
                        "key": undefined,
                        "nodeType": "class",
                        "props": Object {},
                        "ref": null,
                        "rendered": null,
                        "type": [Function],
                      },
                      "type": [Function],
                    },
                    Object {
                      "instance": null,
                      "key": undefined,
                      "nodeType": "class",
                      "props": Object {
                        "inset": true,
                        "primary": "Inbox",
                      },
                      "ref": null,
                      "rendered": null,
                      "type": [Function],
                    },
                  ],
                  "type": [Function],
                },
              ],
              "type": [Function],
            },
            "type": "div",
          },
        ],
        "type": "div",
      },
      "type": [Function],
    },
  ],
  Symbol(enzyme.__options__): Object {
    "adapter": ReactSixteenAdapter {
      "options": Object {
        "enableComponentDidUpdateOnSetState": true,
      },
    },
  },
}
`;
